Microsoft Windows [Version 10.0.19042.1165]
(c) Microsoft Corporation. All rights reserved.

C:\Users\chinmaye>Minikube start
* minikube v1.23.0 on Microsoft Windows 10 Home Single Language 10.0.19042 Build 19042
* Using the docker driver based on existing profile
* Starting control plane node minikube in cluster minikube
* Pulling base image ...
* Updating the running docker "minikube" container ...
* Preparing Kubernetes v1.22.1 on Docker 20.10.8 ...
* Verifying Kubernetes components...
  - Using image gcr.io/k8s-minikube/storage-provisioner:v5
* Enabled addons: storage-provisioner, default-storageclass
* Done! kubectl is now configured to use "minikube" cluster and "default" namespace by default

C:\Users\chinmaye>Kubectl demo --image hello-world
Error: unknown command "demo" for "kubectl"
Run 'kubectl --help' for usage.

C:\Users\chinmaye>Kubectl run demo --image hello-world
pod/demo created

C:\Users\chinmaye>Kubectl get pods
NAME   READY   STATUS      RESTARTS     AGE
demo   0/1     Completed   1 (6s ago)   10s

C:\Users\chinmaye>Kubectl run demo1 --image hello-world
pod/demo1 created

C:\Users\chinmaye>Kubectl get pods
NAME    READY   STATUS             RESTARTS      AGE
demo    0/1     CrashLoopBackOff   2 (17s ago)   41s
demo1   0/1     Completed          0             8s

C:\Users\chinmaye>Kubectl get pods
NAME    READY   STATUS             RESTARTS      AGE
demo    0/1     CrashLoopBackOff   4 (34s ago)   2m9s
demo1   0/1     CrashLoopBackOff   3 (40s ago)   96s

C:\Users\chinmaye>Kubectl run demo2 --image nginx
pod/demo2 created

C:\Users\chinmaye>Kubectl get pods
NAME    READY   STATUS              RESTARTS       AGE
demo    0/1     Completed           5 (105s ago)   3m20s
demo1   0/1     CrashLoopBackOff    4 (57s ago)    2m47s
demo2   0/1     ContainerCreating   0              9s

C:\Users\chinmaye>Kubectl get pods
NAME    READY   STATUS             RESTARTS        AGE
demo    0/1     CrashLoopBackOff   6 (3m40s ago)   9m38s
demo1   0/1     CrashLoopBackOff   6 (3m6s ago)    9m5s
demo2   1/1     Running            0               6m27s

C:\Users\chinmaye>Kubectl run demo3 --image hello-world
pod/demo3 created

C:\Users\chinmaye>Kubectl get pods
NAME    READY   STATUS             RESTARTS        AGE
demo    0/1     CrashLoopBackOff   7 (3m16s ago)   14m
demo1   0/1     CrashLoopBackOff   7 (2m43s ago)   13m
demo2   1/1     Running            0               11m
demo3   0/1     CrashLoopBackOff   1 (2s ago)      10s

C:\Users\chinmaye>Kuberctl port-forward demo2 9090:8085
'Kuberctl' is not recognized as an internal or external command,
operable program or batch file.

C:\Users\chinmaye>Kubectl port-forward demo2 9090:8085
Forwarding from 127.0.0.1:9090 -> 8085
Forwarding from [::1]:9090 -> 8085
Handling connection for 9090
Handling connection for 9090